07-28 19:53:01 com_github_MitjaNemec_PlaceFootprints.action_place_footprints 405:Plugin executed on: 'win32'
07-28 19:53:01 com_github_MitjaNemec_PlaceFootprints.action_place_footprints 406:Plugin executed with python version: '3.9.16 (main, May 18 2023, 07:48:16) [MSC v.1936 64 bit (AMD64)]'
07-28 19:53:01 com_github_MitjaNemec_PlaceFootprints.action_place_footprints 407:KiCad build version: 7.0.6
07-28 19:53:01 com_github_MitjaNemec_PlaceFootprints.action_place_footprints 408:Plugin version: 2.0.3
07-28 19:53:01 com_github_MitjaNemec_PlaceFootprints.action_place_footprints 409:Frame repr: <wx._core.Frame object at 0x00000222B971C700>
07-28 19:53:01 com_github_MitjaNemec_PlaceFootprints.place_footprints 121:getting a list of all footprints on board
07-28 19:53:01 com_github_MitjaNemec_PlaceFootprints.place_footprints 156:Footprint R12 on root level
07-28 19:53:01 com_github_MitjaNemec_PlaceFootprints.place_footprints 156:Footprint R11 on root level
07-28 19:53:01 com_github_MitjaNemec_PlaceFootprints.place_footprints 156:Footprint R10 on root level
07-28 19:53:01 com_github_MitjaNemec_PlaceFootprints.place_footprints 156:Footprint R9 on root level
07-28 19:53:01 com_github_MitjaNemec_PlaceFootprints.place_footprints 156:Footprint R8 on root level
07-28 19:53:01 com_github_MitjaNemec_PlaceFootprints.place_footprints 156:Footprint R7 on root level
07-28 19:53:01 com_github_MitjaNemec_PlaceFootprints.place_footprints 156:Footprint R6 on root level
07-28 19:53:01 com_github_MitjaNemec_PlaceFootprints.place_footprints 156:Footprint R5 on root level
07-28 19:53:01 com_github_MitjaNemec_PlaceFootprints.place_footprints 156:Footprint R4 on root level
07-28 19:53:01 com_github_MitjaNemec_PlaceFootprints.place_footprints 156:Footprint R3 on root level
07-28 19:53:01 com_github_MitjaNemec_PlaceFootprints.place_footprints 156:Footprint R2 on root level
07-28 19:53:01 com_github_MitjaNemec_PlaceFootprints.place_footprints 156:Footprint R1 on root level
07-28 19:53:01 com_github_MitjaNemec_PlaceFootprints.place_footprints 140:Footprint REF** does not have Sheetfile property, it will not be considered for placement. Most likely it is only in layout
07-28 19:53:02 com_github_MitjaNemec_PlaceFootprints.action_place_footprints 588:Reference designator is: R
07-28 19:53:02 com_github_MitjaNemec_PlaceFootprints.action_place_footprints 589:Reference number is: 1
07-28 19:53:02 com_github_MitjaNemec_PlaceFootprints.action_place_footprints 621:Sorted and filtered list:
['R1', 'R2', 'R3', 'R4', 'R5', 'R6', 'R7', 'R8', 'R9', 'R10', 'R11', 'R12']
07-28 19:53:19 com_github_MitjaNemec_PlaceFootprints.action_place_footprints 659:Footprints to place:
['R1', 'R2', 'R3', 'R4', 'R5', 'R6', 'R7', 'R8', 'R9', 'R10', 'R11', 'R12']
07-28 19:53:19 com_github_MitjaNemec_PlaceFootprints.place_footprints 330:Starting placing with circular layout
07-28 19:53:19 com_github_MitjaNemec_PlaceFootprints.place_footprints 340:reference footprint position at: VECTOR2I(147420000, 82850000)
07-28 19:53:19 com_github_MitjaNemec_PlaceFootprints.place_footprints 345:rotation center at: (147420000, 97850000.0)
07-28 19:53:19 com_github_MitjaNemec_PlaceFootprints.place_footprints 450:Text of: R1 has property "Keep upright" rotation might not look as intended
07-28 19:53:19 com_github_MitjaNemec_PlaceFootprints.place_footprints 450:Text of: R1 has property "Keep upright" rotation might not look as intended
07-28 19:53:19 com_github_MitjaNemec_PlaceFootprints.place_footprints 450:Text of: R1 has property "Keep upright" rotation might not look as intended
07-28 19:53:19 com_github_MitjaNemec_PlaceFootprints.place_footprints 450:Text of: R1 has property "Keep upright" rotation might not look as intended
07-28 19:53:19 com_github_MitjaNemec_PlaceFootprints.place_footprints 450:Text of: R1 has property "Keep upright" rotation might not look as intended
07-28 19:53:19 com_github_MitjaNemec_PlaceFootprints.place_footprints 450:Text of: R1 has property "Keep upright" rotation might not look as intended
07-28 19:53:19 com_github_MitjaNemec_PlaceFootprints.place_footprints 450:Text of: R1 has property "Keep upright" rotation might not look as intended
07-28 19:53:19 com_github_MitjaNemec_PlaceFootprints.place_footprints 450:Text of: R1 has property "Keep upright" rotation might not look as intended
07-28 19:53:19 com_github_MitjaNemec_PlaceFootprints.place_footprints 450:Text of: R1 has property "Keep upright" rotation might not look as intended
07-28 19:53:19 com_github_MitjaNemec_PlaceFootprints.place_footprints 450:Text of: R1 has property "Keep upright" rotation might not look as intended
07-28 19:53:19 com_github_MitjaNemec_PlaceFootprints.place_footprints 450:Text of: R1 has property "Keep upright" rotation might not look as intended
07-28 19:53:19 com_github_MitjaNemec_PlaceFootprints.place_footprints 450:Text of: R1 has property "Keep upright" rotation might not look as intended
07-28 19:53:19 com_github_MitjaNemec_PlaceFootprints.place_footprints 450:Text of: R1 has property "Keep upright" rotation might not look as intended
07-28 19:53:19 com_github_MitjaNemec_PlaceFootprints.place_footprints 450:Text of: R1 has property "Keep upright" rotation might not look as intended
07-28 19:53:19 com_github_MitjaNemec_PlaceFootprints.place_footprints 450:Text of: R1 has property "Keep upright" rotation might not look as intended
07-28 19:53:19 com_github_MitjaNemec_PlaceFootprints.place_footprints 450:Text of: R1 has property "Keep upright" rotation might not look as intended
07-28 19:53:19 com_github_MitjaNemec_PlaceFootprints.place_footprints 450:Text of: R1 has property "Keep upright" rotation might not look as intended
07-28 19:53:19 com_github_MitjaNemec_PlaceFootprints.place_footprints 450:Text of: R1 has property "Keep upright" rotation might not look as intended
07-28 19:53:19 com_github_MitjaNemec_PlaceFootprints.place_footprints 450:Text of: R1 has property "Keep upright" rotation might not look as intended
07-28 19:53:19 com_github_MitjaNemec_PlaceFootprints.place_footprints 450:Text of: R1 has property "Keep upright" rotation might not look as intended
07-28 19:53:19 com_github_MitjaNemec_PlaceFootprints.place_footprints 450:Text of: R1 has property "Keep upright" rotation might not look as intended
07-28 19:53:19 com_github_MitjaNemec_PlaceFootprints.place_footprints 450:Text of: R1 has property "Keep upright" rotation might not look as intended
07-28 19:53:19 com_github_MitjaNemec_PlaceFootprints.place_footprints 450:Text of: R1 has property "Keep upright" rotation might not look as intended
07-28 19:53:19 com_github_MitjaNemec_PlaceFootprints.place_footprints 450:Text of: R1 has property "Keep upright" rotation might not look as intended
07-28 19:53:19 com_github_MitjaNemec_PlaceFootprints.place_footprints 450:Text of: R1 has property "Keep upright" rotation might not look as intended
07-28 19:53:19 com_github_MitjaNemec_PlaceFootprints.place_footprints 450:Text of: R1 has property "Keep upright" rotation might not look as intended
07-28 19:53:19 com_github_MitjaNemec_PlaceFootprints.place_footprints 450:Text of: R1 has property "Keep upright" rotation might not look as intended
07-28 19:53:19 com_github_MitjaNemec_PlaceFootprints.place_footprints 450:Text of: R1 has property "Keep upright" rotation might not look as intended
07-28 19:53:19 com_github_MitjaNemec_PlaceFootprints.place_footprints 450:Text of: R1 has property "Keep upright" rotation might not look as intended
07-28 19:53:19 com_github_MitjaNemec_PlaceFootprints.place_footprints 450:Text of: R1 has property "Keep upright" rotation might not look as intended
07-28 19:53:19 com_github_MitjaNemec_PlaceFootprints.place_footprints 450:Text of: R1 has property "Keep upright" rotation might not look as intended
07-28 19:53:19 com_github_MitjaNemec_PlaceFootprints.place_footprints 450:Text of: R1 has property "Keep upright" rotation might not look as intended
07-28 19:53:19 com_github_MitjaNemec_PlaceFootprints.place_footprints 450:Text of: R1 has property "Keep upright" rotation might not look as intended
07-28 19:53:19 com_github_MitjaNemec_PlaceFootprints.action_place_footprints 674:Placing complete
